main.c:80:6:updateClockBuffer	4	static
main.c:87:6:setTimer0	16	static
main.c:92:6:setTimer1	16	static
main.c:97:6:timer_run	4	static
main.c:108:6:display7SEG	16	static
main.c:159:6:update7SEG	16	static
main.c:188:7:blinkLed	8	static
main.c:193:7:updateTime	8	static
main.c:221:5:main	16	static
main.c:281:6:SystemClock_Config	72	static
main.c:317:13:MX_TIM2_Init	32	static
main.c:362:13:MX_GPIO_Init	32	static
main.c:400:6:HAL_TIM_PeriodElapsedCallback	16	static
main.c:411:6:Error_Handler	4	static,ignoring_inline_asm
